// Jest Snapshot v1, https://goo.gl/fbAQLP

exports[`HeaderComponent Shows valid Header 1`] = `
Object {
  "asFragment": [Function],
  "baseElement": <body>
    <div>
      <header
        class="MuiPaper-root MuiPaper-elevation MuiPaper-elevation1 MuiAppBar-root MuiAppBar-colorPrimary MuiAppBar-positionSticky css-10zhepo-MuiPaper-root-MuiAppBar-root"
      >
        <div
          class="MuiToolbar-root MuiToolbar-gutters MuiToolbar-regular css-smx9im-MuiToolbar-root"
        >
          <h5
            class="MuiTypography-root MuiTypography-h5 MuiTypography-alignCenter css-1pa9e9e-MuiTypography-root"
          >
            B
            <span
              class="MuiTypography-root MuiTypography-h5 MuiTypography-alignCenter css-nl7ql3-MuiTypography-root"
            >
              reaking
            </span>
            B
            <span
              class="MuiTypography-root MuiTypography-h5 MuiTypography-alignCenter css-nl7ql3-MuiTypography-root"
            >
              ad
            </span>
            E
            <span
              class="MuiTypography-root MuiTypography-h5 MuiTypography-alignCenter css-nl7ql3-MuiTypography-root"
            >
              xplorer
            </span>
          </h5>
          <div
            class="MuiBox-root css-0"
          >
            <a
              class="css-1wx78ax"
              href="/"
            >
              Home
            </a>
          </div>
        </div>
      </header>
    </div>
  </body>,
  "container": <div>
    <header
      class="MuiPaper-root MuiPaper-elevation MuiPaper-elevation1 MuiAppBar-root MuiAppBar-colorPrimary MuiAppBar-positionSticky css-10zhepo-MuiPaper-root-MuiAppBar-root"
    >
      <div
        class="MuiToolbar-root MuiToolbar-gutters MuiToolbar-regular css-smx9im-MuiToolbar-root"
      >
        <h5
          class="MuiTypography-root MuiTypography-h5 MuiTypography-alignCenter css-1pa9e9e-MuiTypography-root"
        >
          B
          <span
            class="MuiTypography-root MuiTypography-h5 MuiTypography-alignCenter css-nl7ql3-MuiTypography-root"
          >
            reaking
          </span>
          B
          <span
            class="MuiTypography-root MuiTypography-h5 MuiTypography-alignCenter css-nl7ql3-MuiTypography-root"
          >
            ad
          </span>
          E
          <span
            class="MuiTypography-root MuiTypography-h5 MuiTypography-alignCenter css-nl7ql3-MuiTypography-root"
          >
            xplorer
          </span>
        </h5>
        <div
          class="MuiBox-root css-0"
        >
          <a
            class="css-1wx78ax"
            href="/"
          >
            Home
          </a>
        </div>
      </div>
    </header>
  </div>,
  "debug": [Function],
  "findAllByAltText": [Function],
  "findAllByDisplayValue": [Function],
  "findAllByLabelText": [Function],
  "findAllByPlaceholderText": [Function],
  "findAllByRole": [Function],
  "findAllByTestId": [Function],
  "findAllByText": [Function],
  "findAllByTitle": [Function],
  "findByAltText": [Function],
  "findByDisplayValue": [Function],
  "findByLabelText": [Function],
  "findByPlaceholderText": [Function],
  "findByRole": [Function],
  "findByTestId": [Function],
  "findByText": [Function],
  "findByTitle": [Function],
  "getAllByAltText": [Function],
  "getAllByDisplayValue": [Function],
  "getAllByLabelText": [Function],
  "getAllByPlaceholderText": [Function],
  "getAllByRole": [Function],
  "getAllByTestId": [Function],
  "getAllByText": [Function],
  "getAllByTitle": [Function],
  "getByAltText": [Function],
  "getByDisplayValue": [Function],
  "getByLabelText": [Function],
  "getByPlaceholderText": [Function],
  "getByRole": [Function],
  "getByTestId": [Function],
  "getByText": [Function],
  "getByTitle": [Function],
  "queryAllByAltText": [Function],
  "queryAllByDisplayValue": [Function],
  "queryAllByLabelText": [Function],
  "queryAllByPlaceholderText": [Function],
  "queryAllByRole": [Function],
  "queryAllByTestId": [Function],
  "queryAllByText": [Function],
  "queryAllByTitle": [Function],
  "queryByAltText": [Function],
  "queryByDisplayValue": [Function],
  "queryByLabelText": [Function],
  "queryByPlaceholderText": [Function],
  "queryByRole": [Function],
  "queryByTestId": [Function],
  "queryByText": [Function],
  "queryByTitle": [Function],
  "rerender": [Function],
  "unmount": [Function],
}
`;
